======================================================
TEST: subsections
------------------------------------------------------
Section A
------------------------------------------------------
  //.fast.sections['top a a1'].processFinal()
  //.fast.includeSection('top a a1')
AA----------------------------------------------------
  //.fast.sections['top a a2'].processFinal()
  //.fast.includeSection('top a a2')

------------------------------------------------------
Section B
------------------------------------------------------
parent of top.a is 'top'
parent of top.a.a1 is '@a1.parent.section@'
BB----------------------------------------------------
//.fast.sections['top a'].processFinal()
//.fast.includeSection('top a')
------------------------------------------------------

------------------------------------------------------
Section A
------------------------------------------------------
  Section A1
AA----------------------------------------------------
  Section A2
------------------------------------------------------
Section B
------------------------------------------------------
parent of top.a is 'top'
parent of top.a.a1 is 'top a'
BB----------------------------------------------------
Section A
------------------------------------------------------
  Section A1
AA----------------------------------------------------
  Section A2
------------------------------------------------------
------------------------------------------------------

======================================================
TEST: fast.seal, fast.unseal
------------------------------------------------------


XX----------------------------------------------------
//.fast.includeSection('top b')



YY----------------------------------------------------
//.fast.includeSection('top b')
Section B
------------------------------------------------------
parent of top.a is 'top'
parent of top.a.a1 is 'top a'
BB----------------------------------------------------
Section A
------------------------------------------------------
  Section A1
AA----------------------------------------------------
  Section A2
------------------------------------------------------



ZZ----------------------------------------------------
Section B
------------------------------------------------------
parent of top.a is 'top'
parent of top.a.a1 is 'top a'
BB----------------------------------------------------
Section A
------------------------------------------------------
  Section A1
AA----------------------------------------------------
  Section A2
------------------------------------------------------
Section B
------------------------------------------------------
parent of top.a is 'top'
parent of top.a.a1 is 'top a'
BB----------------------------------------------------
Section A
------------------------------------------------------
  Section A1
AA----------------------------------------------------
  Section A2
------------------------------------------------------

ZZ----------------------------------------------------
//.fast.includeSection('top b')
Section B
------------------------------------------------------
parent of top.a is 'top'
parent of top.a.a1 is 'top a'
BB----------------------------------------------------
Section A
------------------------------------------------------
  Section A1
AA----------------------------------------------------
  Section A2
------------------------------------------------------



======================================================
TEST: Section.write, fast.writeFile
------------------------------------------------------
SectionBase.write: Info - writing section (top) to file "top.txt"
======================================================
TEST: Write to file (testfile)
------------------------------------------------------
SectionBase.write: Info - writing section (top testfile) to file "testfile.txt"
