Section B
------------------------------------------------------
parent of top.a is 'top'
parent of top.a.a1 is 'top a'
BB----------------------------------------------------
Section A
------------------------------------------------------
  Section A1
AA----------------------------------------------------
  Section A2
------------------------------------------------------
Section B
------------------------------------------------------
parent of top.a is 'top'
parent of top.a.a1 is 'top a'
BB----------------------------------------------------
Section A
------------------------------------------------------
  Section A1
AA----------------------------------------------------
  Section A2
------------------------------------------------------
